==> [1/2] Building test_kfp with stats OFF (clean timings)
In file included from /scratch/cgokmen/QuART/trees/QuART.h:247,
                 from /scratch/cgokmen/QuART/trees/QuART_kfp.h:7,
                 from /scratch/cgokmen/QuART/test_kfp.cpp:34:
/scratch/cgokmen/QuART/trees/../QuArtNodeMethods.cpp: In member function ‘void ART::Node4::insertNode4PreserveFpPrefixExpansion(ART::ART*, ART::ArtNode**, uint8_t, ART::ArtNode*)’:
/scratch/cgokmen/QuART/trees/../QuArtNodeMethods.cpp:152:65: warning: unused parameter ‘nodeRef’ [-Wunused-parameter]
  152 |                                                       ArtNode** nodeRef,
      |                                                       ~~~~~~~~~~^~~~~~~
In file included from /scratch/cgokmen/QuART/test_kfp.cpp:35:
/scratch/cgokmen/QuART/QuArtNodeBulkLoadMethods.cpp: In member function ‘void ART::Node256::bulkLoadInsertNode256(ART::ART*, ART::ArtNode**, uint8_t, ART::ArtNode*, ART::ArtNode*&)’:
/scratch/cgokmen/QuART/QuArtNodeBulkLoadMethods.cpp:121:55: warning: unused parameter ‘bl_ptr’ [-Wunused-parameter]
  121 |                             ArtNode* child, ArtNode*& bl_ptr) {
      |                                             ~~~~~~~~~~^~~~~~
==> Running (max_keys_per_stream=50000000) ...
════════════════════════════════════════════════════════════
Workload: 3x K=L=0
════════════════════════════════════════════════════════════
Loaded stream 0: 200000000 keys
Loaded stream 1: 200000000 keys
Loaded stream 2: 200000000 keys
Using 50000000 keys per stream (150000000 total)

Pre-loading 75000000 keys (50%) before timed run

QuART_kfp<3,FF>: 738 ms  (101.5 M inserts/s, 75000000 timed keys)
ART: 1470 ms  (51.0 M inserts/s, 75000000 timed keys)

Speedup vs ART:  FREQ_FILTER=1.99x

════════════════════════════════════════════════════════════
Workload: 3x K=L=1
════════════════════════════════════════════════════════════
Loaded stream 0: 200000000 keys
Loaded stream 1: 200000000 keys
Loaded stream 2: 200000000 keys
Using 50000000 keys per stream (150000000 total)

Pre-loading 75000000 keys (50.00%) before timed run

QuART_kfp<3,FF>: 845 ms  (88.7 M inserts/s, 75000000 timed keys)
ART: 1312 ms  (57.1 M inserts/s, 75000000 timed keys)

Speedup vs ART:  FREQ_FILTER=1.55x

════════════════════════════════════════════════════════════
Workload: 3x K=L=25
════════════════════════════════════════════════════════════
Loaded stream 0: 200000000 keys
Loaded stream 1: 200000000 keys
Loaded stream 2: 200000000 keys
Using 50000000 keys per stream (150000000 total)

Pre-loading 75000000 keys (50.00%) before timed run

QuART_kfp<3,FF>: 3747 ms  (20.0 M inserts/s, 75000000 timed keys)
ART: 3585 ms  (20.9 M inserts/s, 75000000 timed keys)

Speedup vs ART:  FREQ_FILTER=0.96x

════════════════════════════════════════════════════════════
Workload: mixed K=L=0/1/25
════════════════════════════════════════════════════════════
Loaded stream 0: 200000000 keys
Loaded stream 1: 200000000 keys
Loaded stream 2: 200000000 keys
Using 50000000 keys per stream (150000000 total)

Pre-loading 75000000 keys (50.00%) before timed run

QuART_kfp<3,FF>: 1896 ms  (39.5 M inserts/s, 75000000 timed keys)
ART: 2311 ms  (32.4 M inserts/s, 75000000 timed keys)

Speedup vs ART:  FREQ_FILTER=1.22x


==> [2/2] Building test_kfp with stats ON (classification counts)
In file included from /scratch/cgokmen/QuART/trees/QuART.h:247,
                 from /scratch/cgokmen/QuART/trees/QuART_kfp.h:7,
                 from /scratch/cgokmen/QuART/test_kfp.cpp:34:
/scratch/cgokmen/QuART/trees/../QuArtNodeMethods.cpp: In member function ‘void ART::Node4::insertNode4PreserveFpPrefixExpansion(ART::ART*, ART::ArtNode**, uint8_t, ART::ArtNode*)’:
/scratch/cgokmen/QuART/trees/../QuArtNodeMethods.cpp:152:65: warning: unused parameter ‘nodeRef’ [-Wunused-parameter]
  152 |                                                       ArtNode** nodeRef,
      |                                                       ~~~~~~~~~~^~~~~~~
In file included from /scratch/cgokmen/QuART/test_kfp.cpp:35:
/scratch/cgokmen/QuART/QuArtNodeBulkLoadMethods.cpp: In member function ‘void ART::Node256::bulkLoadInsertNode256(ART::ART*, ART::ArtNode**, uint8_t, ART::ArtNode*, ART::ArtNode*&)’:
/scratch/cgokmen/QuART/QuArtNodeBulkLoadMethods.cpp:121:55: warning: unused parameter ‘bl_ptr’ [-Wunused-parameter]
  121 |                             ArtNode* child, ArtNode*& bl_ptr) {
      |                                             ~~~~~~~~~~^~~~~~
==> Running (max_keys_per_stream=50000000) ...
════════════════════════════════════════════════════════════
Workload: 3x K=L=0
════════════════════════════════════════════════════════════
Loaded stream 0: 200000000 keys
Loaded stream 1: 200000000 keys
Loaded stream 2: 200000000 keys
Using 50000000 keys per stream (150000000 total)

Pre-loading 75000000 keys (50%) before timed run

QuART_kfp<3,FF>: 742 ms  (101.0 M inserts/s, 75000000 timed keys)
  FP_INSERT=149414061  BRIDGE=585936  NO_MATCH=2  NO_MATCH_untracked=0  (fp_insert%=99.6%)
  hot-path fp types: Node4=1750947 Node16=7003788 Node48=18676768 Node256=120814965  (Node256%=81.5%)
  fp_not_last_byte=1167593

════════════════════════════════════════════════════════════
Workload: 3x K=L=1
════════════════════════════════════════════════════════════
Loaded stream 0: 200000000 keys
Loaded stream 1: 200000000 keys
Loaded stream 2: 200000000 keys
Using 50000000 keys per stream (150000000 total)

Pre-loading 75000000 keys (50.0%) before timed run

QuART_kfp<3,FF>: 873 ms  (85.8 M inserts/s, 75000000 timed keys)
  FP_INSERT=147913112  BRIDGE=586326  NO_MATCH=1500561  NO_MATCH_untracked=1500427  (fp_insert%=98.6%)
  hot-path fp types: Node4=1442269 Node16=7024158 Node48=18749904 Node256=120530245  (Node256%=81.6%)
  fp_not_last_byte=166536

════════════════════════════════════════════════════════════
Workload: 3x K=L=25
════════════════════════════════════════════════════════════
Loaded stream 0: 200000000 keys
Loaded stream 1: 200000000 keys
Loaded stream 2: 200000000 keys
Using 50000000 keys per stream (150000000 total)

Pre-loading 75000000 keys (50.0%) before timed run

QuART_kfp<3,FF>: 3865 ms  (19.4 M inserts/s, 75000000 timed keys)
  FP_INSERT=112945036  BRIDGE=586408  NO_MATCH=36468555  NO_MATCH_untracked=36468426  (fp_insert%=75.3%)
  hot-path fp types: Node4=84752 Node16=1322735 Node48=13679886 Node256=97847893  (Node256%=86.6%)
  fp_not_last_byte=9770

════════════════════════════════════════════════════════════
Workload: mixed K=L=0/1/25
════════════════════════════════════════════════════════════
Loaded stream 0: 200000000 keys
Loaded stream 1: 200000000 keys
Loaded stream 2: 200000000 keys
Using 50000000 keys per stream (150000000 total)

Pre-loading 75000000 keys (50.0%) before timed run

QuART_kfp<3,FF>: 1942 ms  (38.6 M inserts/s, 75000000 timed keys)
  FP_INSERT=136760315  BRIDGE=586238  NO_MATCH=12653446  NO_MATCH_untracked=12653321  (fp_insert%=91.2%)
  hot-path fp types: Node4=1092734 Node16=5117188 Node48=17037483 Node256=113064749  (Node256%=82.9%)
  fp_not_last_byte=448161


==> Plotting
wrote /scratch/cgokmen/QuART/graphs/timings.png
wrote /scratch/cgokmen/QuART/graphs/stats.png
==> Done. Wrote:
    /scratch/cgokmen/QuART/graphs/timings.png
    /scratch/cgokmen/QuART/graphs/stats.png
